[    0.000000] Linux version 4.15.0-45-generic (buildd@lgw01-amd64-031) (gcc version 7.3.0 (Ubuntu 7.3.0-16ubuntu3)) #48-Ubuntu SMP Tue Jan 29 16:28:13 UTC 2019 (Ubuntu 4.15.0-45.48-generic 4.15.18)
[    0.000000] Command line: BOOT_IMAGE=/boot/vmlinuz-4.15.0-45-generic root=LABEL=cloudimg-rootfs ro console=tty1 console=ttyS0
[    0.000000] KERNEL supported cpus:
[    0.000000]   Intel GenuineIntel
[    0.000000]   AMD AuthenticAMD
[    0.000000]   Centaur CentaurHauls
[    0.000000] [Firmware Bug]: TSC doesn't count with P0 frequency!
[    0.000000] x86/fpu: Supporting XSAVE feature 0x001: 'x87 floating point registers'
[    0.000000] x86/fpu: Supporting XSAVE feature 0x002: 'SSE registers'
[    0.000000] x86/fpu: Supporting XSAVE feature 0x004: 'AVX registers'
[    0.000000] x86/fpu: xstate_offset[2]:  576, xstate_sizes[2]:  256
[    0.000000] x86/fpu: Enabled xstate features 0x7, context size is 832 bytes, using 'standard' format.
[    0.000000] e820: BIOS-provided physical RAM map:
[    0.000000] BIOS-e820: [mem 0x0000000000000000-0x000000000009fbff] usable
[    0.000000] BIOS-e820: [mem 0x000000000009fc00-0x000000000009ffff] reserved
[    0.000000] BIOS-e820: [mem 0x00000000000f0000-0x00000000000fffff] reserved
[    0.000000] BIOS-e820: [mem 0x0000000000100000-0x000000003ffeffff] usable
[    0.000000] BIOS-e820: [mem 0x000000003fff0000-0x000000003fffffff] ACPI data
[    0.000000] BIOS-e820: [mem 0x00000000fec00000-0x00000000fec00fff] reserved
[    0.000000] BIOS-e820: [mem 0x00000000fee00000-0x00000000fee00fff] reserved
[    0.000000] BIOS-e820: [mem 0x00000000fffc0000-0x00000000ffffffff] reserved
[    0.000000] NX (Execute Disable) protection: active
[    0.000000] SMBIOS 2.5 present.
[    0.000000] DMI: innotek GmbH VirtualBox/VirtualBox, BIOS VirtualBox 12/01/2006
[    0.000000] Hypervisor detected: KVM
[    0.000000] e820: last_pfn = 0x3fff0 max_arch_pfn = 0x400000000
[    0.000000] MTRR: Disabled
[    0.000000] x86/PAT: MTRRs disabled, skipping PAT initialization too.
[    0.000000] CPU MTRRs all blank - virtualized system.
[    0.000000] x86/PAT: Configuration [0-7]: WB  WT  UC- UC  WB  WT  UC- UC  
[    0.000000] found SMP MP-table at [mem 0x0009fff0-0x0009ffff] mapped at [        (ptrval)]
[    0.000000] Scanning 1 areas for low memory corruption
[    0.000000] RAMDISK: [mem 0x35adf000-0x36d66fff]
[    0.000000] ACPI: Early table checksum verification disabled
[    0.000000] ACPI: RSDP 0x00000000000E0000 000024 (v02 VBOX  )
[    0.000000] ACPI: XSDT 0x000000003FFF0030 00003C (v01 VBOX   VBOXXSDT 00000001 ASL  00000061)
[    0.000000] ACPI: FACP 0x000000003FFF00F0 0000F4 (v04 VBOX   VBOXFACP 00000001 ASL  00000061)
[    0.000000] ACPI: DSDT 0x000000003FFF0470 0022EA (v02 VBOX   VBOXBIOS 00000002 INTL 20190108)
[    0.000000] ACPI: FACS 0x000000003FFF0200 000040
[    0.000000] ACPI: FACS 0x000000003FFF0200 000040
[    0.000000] ACPI: APIC 0x000000003FFF0240 00005C (v02 VBOX   VBOXAPIC 00000001 ASL  00000061)
[    0.000000] ACPI: SSDT 0x000000003FFF02A0 0001CC (v01 VBOX   VBOXCPUT 00000002 INTL 20190108)
[    0.000000] No NUMA configuration found
[    0.000000] Faking a node at [mem 0x0000000000000000-0x000000003ffeffff]
[    0.000000] NODE_DATA(0) allocated [mem 0x3ffc5000-0x3ffeffff]
[    0.000000] kvm-clock: cpu 0, msr 0:3ff44001, primary cpu clock
[    0.000000] kvm-clock: Using msrs 4b564d01 and 4b564d00
[    0.000000] kvm-clock: using sched offset of 3745997837 cycles
[    0.000000] clocksource: kvm-clock: mask: 0xffffffffffffffff max_cycles: 0x1cd42e4dffb, max_idle_ns: 881590591483 ns
[    0.000000] Zone ranges:
[    0.000000]   DMA      [mem 0x0000000000001000-0x0000000000ffffff]
[    0.000000]   DMA32    [mem 0x0000000001000000-0x000000003ffeffff]
[    0.000000]   Normal   empty
[    0.000000]   Device   empty
[    0.000000] Movable zone start for each node
[    0.000000] Early memory node ranges
[    0.000000]   node   0: [mem 0x0000000000001000-0x000000000009efff]
[    0.000000]   node   0: [mem 0x0000000000100000-0x000000003ffeffff]
[    0.000000] Reserved but unavailable: 114 pages
[    0.000000] Initmem setup node 0 [mem 0x0000000000001000-0x000000003ffeffff]
[    0.000000] ACPI: PM-Timer IO Port: 0x4008
[    0.000000] IOAPIC[0]: apic_id 2, version 32, address 0xfec00000, GSI 0-23
[    0.000000] ACPI: INT_SRC_OVR (bus 0 bus_irq 0 global_irq 2 dfl dfl)
[    0.000000] ACPI: INT_SRC_OVR (bus 0 bus_irq 9 global_irq 9 low level)
[    0.000000] Using ACPI (MADT) for SMP configuration information
[    0.000000] smpboot: Allowing 2 CPUs, 0 hotplug CPUs
[    0.000000] PM: Registered nosave memory: [mem 0x00000000-0x00000fff]
[    0.000000] PM: Registered nosave memory: [mem 0x0009f000-0x0009ffff]
[    0.000000] PM: Registered nosave memory: [mem 0x000a0000-0x000effff]
[    0.000000] PM: Registered nosave memory: [mem 0x000f0000-0x000fffff]
[    0.000000] e820: [mem 0x40000000-0xfebfffff] available for PCI devices
[    0.000000] Booting paravirtualized kernel on KVM
[    0.000000] clocksource: refined-jiffies: mask: 0xffffffff max_cycles: 0xffffffff, max_idle_ns: 7645519600211568 ns
[    0.000000] random: get_random_bytes called from start_kernel+0x99/0x4fd with crng_init=0
[    0.000000] setup_percpu: NR_CPUS:8192 nr_cpumask_bits:2 nr_cpu_ids:2 nr_node_ids:1
[    0.000000] percpu: Embedded 46 pages/cpu @        (ptrval) s151552 r8192 d28672 u1048576
[    0.000000] PV qspinlock hash table entries: 256 (order: 0, 4096 bytes)
[    0.000000] Built 1 zonelists, mobility grouping on.  Total pages: 257913
[    0.000000] Policy zone: DMA32
[    0.000000] Kernel command line: BOOT_IMAGE=/boot/vmlinuz-4.15.0-45-generic root=LABEL=cloudimg-rootfs ro console=tty1 console=ttyS0
[    0.000000] Memory: 983608K/1048120K available (12300K kernel code, 2473K rwdata, 4252K rodata, 2408K init, 2416K bss, 64512K reserved, 0K cma-reserved)
[    0.000000] SLUB: HWalign=64, Order=0-3, MinObjects=0, CPUs=2, Nodes=1
[    0.000000] ftrace: allocating 39194 entries in 154 pages
[    0.004000] Hierarchical RCU implementation.
[    0.004000] 	RCU restricting CPUs from NR_CPUS=8192 to nr_cpu_ids=2.
[    0.004000] 	Tasks RCU enabled.
[    0.004000] RCU: Adjusting geometry for rcu_fanout_leaf=16, nr_cpu_ids=2
[    0.004000] NR_IRQS: 524544, nr_irqs: 440, preallocated irqs: 16
[    0.004000] Console: colour VGA+ 80x25
[    0.004000] console [tty1] enabled
[    0.004000] console [ttyS0] enabled
[    0.004000] ACPI: Core revision 20170831
[    0.004000] ACPI: 2 ACPI AML tables successfully acquired and loaded
[    0.004000] APIC: Switch to symmetric I/O mode setup
[    0.004000] x2apic enabled
[    0.004000] Switched APIC routing to physical x2apic.
[    0.004000] ..TIMER: vector=0x30 apic1=0 pin1=2 apic2=-1 pin2=-1
[    0.004000] tsc: Detected 2195.874 MHz processor
[    0.004000] Calibrating delay loop (skipped) preset value.. 4391.74 BogoMIPS (lpj=8783496)
[    0.004000] pid_max: default: 32768 minimum: 301
[    0.004000] Security Framework initialized
[    0.004000] Yama: becoming mindful.
[    0.004000] AppArmor: AppArmor initialized
[    0.004000] Dentry cache hash table entries: 131072 (order: 8, 1048576 bytes)
[    0.004000] Inode-cache hash table entries: 65536 (order: 7, 524288 bytes)
[    0.004000] Mount-cache hash table entries: 2048 (order: 2, 16384 bytes)
[    0.004000] Mountpoint-cache hash table entries: 2048 (order: 2, 16384 bytes)
[    0.004000] mce: CPU supports 0 MCE banks
[    0.004000] Last level iTLB entries: 4KB 1024, 2MB 1024, 4MB 512
[    0.004000] Last level dTLB entries: 4KB 1536, 2MB 1536, 4MB 768, 1GB 0
[    0.004000] Spectre V2 : Spectre mitigation: LFENCE not serializing, switching to generic retpoline
[    0.004000] Spectre V2 : Mitigation: Full generic retpoline
[    0.004000] Spectre V2 : Spectre v2 / SpectreRSB mitigation: Filling RSB on context switch
[    0.004000] Speculative Store Bypass: Mitigation: Speculative Store Bypass disabled via prctl and seccomp
[    0.004000] Freeing SMP alternatives memory: 36K
[    0.004000] APIC calibration not consistent with PM-Timer: 96ms instead of 100ms
[    0.004000] APIC delta adjusted to PM-Timer: 6455307 (6251110)
[    0.004000] smpboot: CPU0: AMD Ryzen 7 PRO 2700U w/ Radeon Vega Mobile Gfx (family: 0x17, model: 0x11, stepping: 0x0)
[    0.004000] Performance Events: PMU not available due to virtualization, using software events only.
[    0.004000] Hierarchical SRCU implementation.
[    0.006915] NMI watchdog: Perf event create on CPU 0 failed with -2
[    0.008013] NMI watchdog: Perf NMI watchdog permanently disabled
[    0.009436] smp: Bringing up secondary CPUs ...
[    0.010711] x86: Booting SMP configuration:
[    0.011650] .... node  #0, CPUs:      #1
[    0.004000] kvm-clock: cpu 1, msr 0:3ff44041, secondary cpu clock
[    0.004000] mce: CPU supports 0 MCE banks
[    0.016060] smp: Brought up 1 node, 2 CPUs
[    0.016752] smpboot: Max logical packages: 1
[    0.017690] smpboot: Total of 2 processors activated (8783.49 BogoMIPS)
[    0.020189] devtmpfs: initialized
[    0.020202] x86/mm: Memory block size: 128MB
[    0.022428] evm: security.selinux
[    0.023631] evm: security.SMACK64
[    0.024044] evm: security.SMACK64EXEC
[    0.025592] evm: security.SMACK64TRANSMUTE
[    0.028012] evm: security.SMACK64MMAP
[    0.029081] evm: security.apparmor
[    0.030224] evm: security.ima
[    0.031054] evm: security.capability
[    0.033115] clocksource: jiffies: mask: 0xffffffff max_cycles: 0xffffffff, max_idle_ns: 7645041785100000 ns
[    0.033679] futex hash table entries: 512 (order: 3, 32768 bytes)
[    0.036226] pinctrl core: initialized pinctrl subsystem
[    0.037321] RTC time: 14:26:36, date: 02/11/19
[    0.038657] NET: Registered protocol family 16
[    0.040195] audit: initializing netlink subsys (disabled)
[    0.041181] audit: type=2000 audit(1549895200.795:1): state=initialized audit_enabled=0 res=1
[    0.041663] cpuidle: using governor ladder
[    0.044158] cpuidle: using governor menu
[    0.045677] ACPI: bus type PCI registered
[    0.045677] acpiphp: ACPI Hot Plug PCI Controller Driver version: 0.5
[    0.048351] PCI: Using configuration type 1 for base access
[    0.049782] PCI: Using configuration type 1 for extended access
[    0.053735] HugeTLB registered 2.00 MiB page size, pre-allocated 0 pages
[    0.056212] ACPI: Added _OSI(Module Device)
[    0.057215] ACPI: Added _OSI(Processor Device)
[    0.058065] ACPI: Added _OSI(3.0 _SCP Extensions)
[    0.059012] ACPI: Added _OSI(Processor Aggregator Device)
[    0.060012] ACPI: Added _OSI(Linux-Dell-Video)
[    0.060815] ACPI: Added _OSI(Linux-Lenovo-NV-HDMI-Audio)
[    0.061689] ACPI: Added _OSI(Linux-HPI-Hybrid-Graphics)
[    0.064253] ACPI: Executed 1 blocks of module-level executable AML code
[    0.070255] ACPI: Interpreter enabled
[    0.070982] ACPI: (supports S0 S5)
[    0.071624] ACPI: Using IOAPIC for interrupt routing
[    0.072392] PCI: Using host bridge windows from ACPI; if necessary, use "pci=nocrs" and report a bug
[    0.074125] ACPI: Enabled 2 GPEs in block 00 to 07
[    0.082419] ACPI: PCI Root Bridge [PCI0] (domain 0000 [bus 00-ff])
[    0.083769] acpi PNP0A03:00: _OSC: OS supports [ExtendedConfig ASPM ClockPM Segments MSI]
[    0.085447] acpi PNP0A03:00: _OSC: platform does not support [PCIeCapability]
[    0.088140] acpi PNP0A03:00: _OSC: not requesting control; platform does not support [PCIeCapability]
[    0.089767] acpi PNP0A03:00: _OSC: OS requested [PCIeHotplug PME AER PCIeCapability]
[    0.091404] acpi PNP0A03:00: _OSC: platform willing to grant [PCIeHotplug PME AER]
[    0.092013] acpi PNP0A03:00: _OSC failed (AE_SUPPORT); disabling ASPM
[    0.094664] PCI host bridge to bus 0000:00
[    0.096011] pci_bus 0000:00: root bus resource [io  0x0000-0x0cf7 window]
[    0.097055] pci_bus 0000:00: root bus resource [io  0x0d00-0xffff window]
[    0.098135] pci_bus 0000:00: root bus resource [mem 0x000a0000-0x000bffff window]
[    0.099498] pci_bus 0000:00: root bus resource [mem 0x40000000-0xfdffffff window]
[    0.100008] pci_bus 0000:00: root bus resource [bus 00-ff]
[    0.102783] pci 0000:00:01.1: legacy IDE quirk: reg 0x10: [io  0x01f0-0x01f7]
[    0.104012] pci 0000:00:01.1: legacy IDE quirk: reg 0x14: [io  0x03f6]
[    0.105143] pci 0000:00:01.1: legacy IDE quirk: reg 0x18: [io  0x0170-0x0177]
[    0.106225] pci 0000:00:01.1: legacy IDE quirk: reg 0x1c: [io  0x0376]
[    0.131875] pci 0000:00:07.0: quirk: [io  0x4000-0x403f] claimed by PIIX4 ACPI
[    0.132019] pci 0000:00:07.0: quirk: [io  0x4100-0x410f] claimed by PIIX4 SMB
[    0.144119] ACPI: PCI Interrupt Link [LNKA] (IRQs 5 9 10 *11)
[    0.145689] ACPI: PCI Interrupt Link [LNKB] (IRQs 5 9 *10 11)
[    0.146811] ACPI: PCI Interrupt Link [LNKC] (IRQs 5 *9 10 11)
[    0.147961] ACPI: PCI Interrupt Link [LNKD] (IRQs 5 9 10 *11)
[    0.148852] SCSI subsystem initialized
[    0.149755] pci 0000:00:02.0: vgaarb: setting as boot VGA device
[    0.149755] pci 0000:00:02.0: vgaarb: VGA device added: decodes=io+mem,owns=io+mem,locks=none
[    0.152030] pci 0000:00:02.0: vgaarb: bridge control possible
[    0.153038] vgaarb: loaded
[    0.153711] ACPI: bus type USB registered
[    0.154438] usbcore: registered new interface driver usbfs
[    0.156023] usbcore: registered new interface driver hub
[    0.157060] usbcore: registered new device driver usb
[    0.158112] EDAC MC: Ver: 3.0.0
[    0.158112] PCI: Using ACPI for IRQ routing
[    0.160409] NetLabel: Initializing
[    0.161028] NetLabel:  domain hash size = 128
[    0.161879] NetLabel:  protocols = UNLABELED CIPSOv4 CALIPSO
[    0.162889] NetLabel:  unlabeled traffic allowed by default
[    0.164148] clocksource: Switched to clocksource kvm-clock
[    0.193036] VFS: Disk quotas dquot_6.6.0
[    0.193996] VFS: Dquot-cache hash table entries: 512 (order 0, 4096 bytes)
[    0.195401] AppArmor: AppArmor Filesystem Enabled
[    0.196331] pnp: PnP ACPI init
[    0.196866] pnp: PnP ACPI: found 3 devices
[    0.211529] clocksource: acpi_pm: mask: 0xffffff max_cycles: 0xffffff, max_idle_ns: 2085701024 ns
[    0.212520] NET: Registered protocol family 2
[    0.215661] TCP established hash table entries: 8192 (order: 4, 65536 bytes)
[    0.217045] TCP bind hash table entries: 8192 (order: 5, 131072 bytes)
[    0.218244] TCP: Hash tables configured (established 8192 bind 8192)
[    0.218639] UDP hash table entries: 512 (order: 2, 16384 bytes)
[    0.218639] UDP-Lite hash table entries: 512 (order: 2, 16384 bytes)
[    0.218639] NET: Registered protocol family 1
[    0.218639] pci 0000:00:00.0: Limiting direct PCI/PCI transfers
[    0.218639] pci 0000:00:01.0: Activating ISA DMA hang workarounds
[    0.218639] pci 0000:00:02.0: Video device with shadowed ROM at [mem 0x000c0000-0x000dffff]
[    0.218639] Unpacking initramfs...
[    0.218639] Freeing initrd memory: 18976K
[    0.654909] platform rtc_cmos: registered platform RTC device (no PNP device found)
[    0.657777] Scanning for low memory corruption every 60 seconds
[    0.661941] Initialise system trusted keyrings
[    0.663241] Key type blacklist registered
[    0.665100] workingset: timestamp_bits=36 max_order=18 bucket_order=0
[    0.669385] zbud: loaded
[    0.671394] squashfs: version 4.0 (2009/01/31) Phillip Lougher
[    0.673516] fuse init (API version 7.26)
[    0.681643] Key type asymmetric registered
[    0.682806] Asymmetric key parser 'x509' registered
[    0.684246] Block layer SCSI generic (bsg) driver version 0.4 loaded (major 246)
[    0.686539] io scheduler noop registered
[    0.687606] io scheduler deadline registered
[    0.689124] io scheduler cfq registered (default)
[    0.691223] ACPI: AC Adapter [AC] (off-line)
[    0.693031] input: Power Button as /devices/LNXSYSTM:00/LNXPWRBN:00/input/input0
[    0.695876] ACPI: Power Button [PWRF]
[    0.697246] input: Sleep Button as /devices/LNXSYSTM:00/LNXSLPBN:00/input/input1
[    0.699238] ACPI: Sleep Button [SLPF]
[    0.701054] Serial: 8250/16550 driver, 32 ports, IRQ sharing enabled
[    0.701976] ACPI: Battery Slot [BAT0] (battery present)
 	
 !"#$%&'()*+,-./0123456789:;<=>?@ABCDEFGHIJKLMNOPQRSTUVWXYZ[\]^_`abcdefghijklmnopqrstuvwxyz{|}~€‚ƒ„…†‡ˆ‰Š‹ŒŽ‘’“”•–—˜™š›œžŸ ¡¢£¤¥¦§¨©ª«¬­®¯°±²³´µ¶·¸¹º»¼½¾¿ÀÁÂÃÄÅÆÇÈÉÊËÌÍÎÏÐÑÒÓÔÕÖ×ØÙÚÛÜÝÞßàáâãäåæçèéêëìíîïðñòóôõö÷øùúûüýþÿ[    0.725648] 00:02: ttyS0 at I/O 0x3f8 (irq = 4, base_baud = 115200) is a 16550A
[    0.732294] Linux agpgart interface v0.103
[    0.735954] loop: module loaded
[    0.737681] scsi host0: ata_piix
[    0.738971] scsi host1: ata_piix
[    0.739774] ata1: PATA max UDMA/33 cmd 0x1f0 ctl 0x3f6 bmdma 0xd000 irq 14
[    0.741164] ata2: PATA max UDMA/33 cmd 0x170 ctl 0x376 bmdma 0xd008 irq 15
[    0.743170] libphy: Fixed MDIO Bus: probed
[    0.744112] tun: Universal TUN/TAP device driver, 1.6
[    0.745255] PPP generic driver version 2.4.2
[    0.746266] ehci_hcd: USB 2.0 'Enhanced' Host Controller (EHCI) Driver
[    0.747458] ehci-pci: EHCI PCI platform driver
[    0.748312] ehci-platform: EHCI generic platform driver
[    0.749430] ohci_hcd: USB 1.1 'Open' Host Controller (OHCI) Driver
[    0.750641] ohci-pci: OHCI PCI platform driver
[    0.751517] ohci-platform: OHCI generic platform driver
[    0.752556] uhci_hcd: USB Universal Host Controller Interface driver
[    0.753942] i8042: PNP: PS/2 Controller [PNP0303:PS2K,PNP0f03:PS2M] at 0x60,0x64 irq 1,12
[    0.756176] serio: i8042 KBD port at 0x60,0x64 irq 1
[    0.757214] serio: i8042 AUX port at 0x60,0x64 irq 12
[    0.758682] mousedev: PS/2 mouse device common for all mice
[    0.760444] input: AT Translated Set 2 keyboard as /devices/platform/i8042/serio0/input/input2
[    0.762715] rtc_cmos rtc_cmos: rtc core: registered rtc_cmos as rtc0
[    0.764079] rtc_cmos rtc_cmos: alarms up to one day, 114 bytes nvram
[    0.765292] i2c /dev entries driver
[    0.766057] pcie_mp2_amd: AMD(R) PCI-E MP2 Communication Driver Version: 1.0
[    0.767660] device-mapper: uevent: version 1.0.3
[    0.768884] device-mapper: ioctl: 4.37.0-ioctl (2017-09-20) initialised: dm-devel@redhat.com
[    0.770508] ledtrig-cpu: registered to indicate activity on CPUs
[    0.772780] NET: Registered protocol family 10
[    0.781300] Segment Routing with IPv6
[    0.782386] NET: Registered protocol family 17
[    0.783567] Key type dns_resolver registered
[    0.785051] RAS: Correctable Errors collector initialized.
[    0.786284] sched_clock: Marking stable (784954631, 0)->(1072309120, -287354489)
[    0.788634] registered taskstats version 1
[    0.789656] Loading compiled-in X.509 certificates
[    0.794843] Loaded X.509 cert 'Build time autogenerated kernel key: e3b8f44ffaaceef3e3a84cfaebd8e5a9acebeaad'
[    0.797846] zswap: loaded using pool lzo/zbud
[    0.806721] Key type big_key registered
[    0.807936] Key type trusted registered
[    0.812527] Key type encrypted registered
[    0.813762] AppArmor: AppArmor sha1 policy hashing enabled
[    0.815352] ima: No TPM chip found, activating TPM-bypass! (rc=-19)
[    0.817241] ima: Allocated hash algorithm: sha1
[    0.818539] evm: HMAC attrs: 0x1
[    0.820105]   Magic number: 7:659:434
[    0.821599] rtc_cmos rtc_cmos: setting system clock to 2019-02-11 14:26:36 UTC (1549895196)
[    0.824816] BIOS EDD facility v0.16 2004-Jun-25, 0 devices found
[    0.826354] EDD information not available.
[    0.909977] Freeing unused kernel memory: 2408K
[    0.916272] Write protecting the kernel read-only data: 20480k
[    0.919036] Freeing unused kernel memory: 2008K
[    0.926806] Freeing unused kernel memory: 1892K
[    0.938922] x86/mm: Checked W+X mappings: passed, no W+X pages found.
Loading, please wait...
starting version 237
[    1.061842] Fusion MPT base driver 3.04.20
[    1.063249] Copyright (c) 1999-2008 LSI Corporation
[    1.076996] e1000: Intel(R) PRO/1000 Network Driver - version 7.3.21-k8-NAPI
[    1.078782] e1000: Copyright (c) 1999-2006 Intel Corporation.
[    1.083243] Fusion MPT SPI Host driver 3.04.20
[    1.097047] AVX2 version of gcm_enc/dec engaged.
[    1.098242] AES CTR mode by8 optimization enabled
[    1.301192] input: ImExPS/2 Generic Explorer Mouse as /devices/platform/i8042/serio1/input/input4
[    1.466497] e1000 0000:00:03.0 eth0: (PCI:33MHz:32-bit) 02:b9:1f:df:d8:de
[    1.468299] e1000 0000:00:03.0 eth0: Intel(R) PRO/1000 Network Connection
[    1.472730] mptbase: ioc0: Initiating bringup
[    1.474111] e1000 0000:00:03.0 enp0s3: renamed from eth0
[    1.593732] ioc0: LSI53C1030 A0: Capabilities={Initiator}
[    2.614500] tsc: Refined TSC clocksource calibration: 2195.325 MHz
[    2.616503] clocksource: tsc: mask: 0xffffffffffffffff max_cycles: 0x1fa4f27e511, max_idle_ns: 440795221977 ns
[    3.667307] scsi host2: ioc0: LSI53C1030 A0, FwRev=00000000h, Ports=1, MaxQ=256, IRQ=20
[    4.077197] scsi 2:0:0:0: Direct-Access     VBOX     HARDDISK         1.0  PQ: 0 ANSI: 5
[    4.123690] scsi target2:0:0: Beginning Domain Validation
[    4.128276] scsi target2:0:0: Domain Validation skipping write tests
[    4.129577] scsi target2:0:0: Ending Domain Validation
[    4.130591] scsi target2:0:0: asynchronous
[    4.132111] scsi 2:0:1:0: Direct-Access     VBOX     HARDDISK         1.0  PQ: 0 ANSI: 5
[    4.164211] scsi target2:0:1: Beginning Domain Validation
[    4.168457] scsi target2:0:1: Domain Validation skipping write tests
[    4.170403] scsi target2:0:1: Ending Domain Validation
[    4.172107] scsi target2:0:1: asynchronous
[    4.173835] random: fast init done
[    4.180246] random: systemd-udevd: uninitialized urandom read (16 bytes read)
[    4.180351] sd 2:0:0:0: Attached scsi generic sg0 type 0
[    4.180602] sd 2:0:1:0: Attached scsi generic sg1 type 0
[    4.185534] sd 2:0:0:0: [sda] 20971520 512-byte logical blocks: (10.7 GB/10.0 GiB)
[    4.185605] random: systemd-udevd: uninitialized urandom read (16 bytes read)
[    4.185625] random: systemd-udevd: uninitialized urandom read (16 bytes read)
[    4.187135] sd 2:0:1:0: [sdb] 20480 512-byte logical blocks: (10.5 MB/10.0 MiB)
[    4.187253] sd 2:0:1:0: [sdb] Write Protect is off
[    4.187481] sd 2:0:1:0: [sdb] Incomplete mode parameter data
[    4.187483] sd 2:0:1:0: [sdb] Assuming drive cache: write through
[    4.191832] sd 2:0:1:0: [sdb] Attached SCSI disk
[    4.197688] sd 2:0:0:0: [sda] Write Protect is off
[    4.199047] sd 2:0:0:0: [sda] Incomplete mode parameter data
[    4.200424] sd 2:0:0:0: [sda] Assuming drive cache: write through
[    4.204556]  sda: sda1
[    4.206774] sd 2:0:0:0: [sda] Attached SCSI disk
Begin: Loading essential drivers ... [    5.872181] raid6: sse2x1   gen()  5051 MB/s
[    5.920176] raid6: sse2x1   xor()  4761 MB/s
[    5.968175] raid6: sse2x2   gen() 10058 MB/s
[    6.016196] raid6: sse2x2   xor()  6432 MB/s
[    6.064211] raid6: sse2x4   gen() 10309 MB/s
[    6.112202] raid6: sse2x4   xor()  5482 MB/s
[    6.160252] raid6: avx2x1   gen() 10555 MB/s
[    6.208180] raid6: avx2x1   xor()  8340 MB/s
[    6.256202] raid6: avx2x2   gen() 14284 MB/s
[    6.304250] raid6: avx2x2   xor()  9284 MB/s
[    6.352271] raid6: avx2x4   gen() 14511 MB/s
[    6.400188] raid6: avx2x4   xor()  6863 MB/s
[    6.401196] raid6: using algorithm avx2x4 gen() 14511 MB/s
[    6.402295] raid6: .... xor() 6863 MB/s, rmw enabled
[    6.403331] raid6: using avx2x2 recovery algorithm
[    6.406047] xor: automatically using best checksumming function   avx       
[    6.409181] async_tx: api initialized (async)
done.
Begin: Running /scripts/init-premount ... done.
Begin: Mounting root file system ... Begin: Running /scripts/local-top ... done.
Begin: Running /scripts/local-premount ... [    6.470754] Btrfs loaded, crc32c=crc32c-intel
Scanning for Btrfs filesystems
done.
Warning: fsck not present, so skipping root file system
[    6.508915] EXT4-fs (sda1): mounted filesystem with ordered data mode. Opts: (null)
done.
Begin: Running /scripts/local-bottom ... done.
Begin: Running /scripts/init-bottom ... done.
[    6.687164] ip_tables: (C) 2000-2006 Netfilter Core Team
[    6.699995] systemd[1]: systemd 237 running in system mode. (+PAM +AUDIT +SELINUX +IMA +APPARMOR +SMACK +SYSVINIT +UTMP +LIBCRYPTSETUP +GCRYPT +GNUTLS +ACL +XZ +LZ4 +SECCOMP +BLKID +ELFUTILS +KMOD -IDN2 +IDN -PCRE2 default-hierarchy=hybrid)
[    6.704840] systemd[1]: Detected virtualization oracle.
[    6.706725] systemd[1]: Detected architecture x86-64.

Welcome to [1mUbuntu 18.04.2 LTS[0m!

[    6.715970] systemd[1]: Set hostname to <ubuntu>.
[    6.720585] systemd[1]: Initializing machine ID from random generator.
[    6.722457] systemd[1]: Installed transient /etc/machine-id file.
[    7.003095] systemd[1]: Started Forward Password Requests to Wall Directory Watch.
[[0;32m  OK  [0m] Started Forward Password Requests to Wall Directory Watch.
[    7.006852] systemd[1]: Reached target User and Group Name Lookups.
[[0;32m  OK  [0m] Reached target User and Group Name Lookups.
[    7.010595] systemd[1]: Set up automount Arbitrary Executable File Formats File System Automount Point.
[[0;32m  OK  [0m] Set up automount Arbitrary Executabâ€¦rmats File System Automount Point.
[    7.015760] systemd[1]: Reached target System Time Synchronized.
[[0;32m  OK  [0m] Reached target System Time Synchronized.
[[0;32m  OK  [0m] Created slice System Slice.
[[0;32m  OK  [0m] Listening on Device-mapper event daemon FIFOs.
[[0;32m  OK  [0m] Listening on /dev/initctl Compatibility Named Pipe.
[[0;32m  OK  [0m] Listening on Syslog Socket.
[[0;32m  OK  [0m] Listening on Journal Socket.
         Starting Remount Root and Kernel File Systems...
         Starting Uncomplicated firewall...
         Starting Load Kernel Modules...
         Starting Set the console keyboard layout...
         Mounting POSIX Message Queue File System...
[[0;32m  OK  [0m] Listening on udev Control Socket.
         Mounting Kernel Debug File System...
[[0;32m  OK  [0m] Reached target Swap.
         Mounting Huge Pages File System...
[[0;32m  OK  [0m] Listening on Network Service Netlink Socket.
[[0;32m  OK  [0m] Listening on LVM2 poll daemon socket.
[[0;32m  OK  [0m] Created slice system-serial\x2dgetty.slice.
[[0;32m  OK  [0m] Listening on udev Kernel Socket.
         Starting udev Coldplug all Devices...
         Starting Create list of required stâ€¦ce nodes for the current kernel...
[[0;32m  OK  [0m] Created slice User and Session Slice.
[[0;32m  OK  [0m] Reached target Slices.
[    7.120654] Loading iSCSI transport class v2.0-870.
[[0;32m  OK  [0m] Listening on Journal Socket (/dev/log).
[[0;32m  OK  [0m] Listening on LVM2 metadata daemon socket.
         Starting Monitoring of LVM2 mirrorsâ€¦ng dmeventd or progress polling...
[[0;32m  OK  [0m] Listening on Journal Audit Socket.
         Starting Journal Service...
[[0;32m  OK  [0m] Started Uncomplicated firewall.
[[0;32m  OK  [0m] Started Create list of required staâ€¦vice nodes for the current kernel.
         Starting Create Static Device Nodes in /dev...
[    7.170627] iscsi: registered transport (tcp)
[[0;32m  OK  [0m] Started udev Coldplug all Devices.
[[0;32m  OK  [0m] Started Journal Service.
[[0;32m  OK  [0m] Started Create Static Device Nodes in /dev.
[    7.287780] iscsi: registered transport (iser)
[[0;32m  OK  [0m] Started Load Kernel Modules.
         Mounting FUSE Control File System...
         Starting Apply Kernel Variables...
         Mounting Kernel Configuration File System...
[[0;32m  OK  [0m] Started Apply Kernel Variables.
[[0;32m  OK  [0m] Mounted Kernel Debug File System.
[[0;32m  OK  [0m] Mounted POSIX Message Queue File System.
[[0;32m  OK  [0m] Mounted Huge Pages File System.
[[0;32m  OK  [0m] Mounted FUSE Control File System.
[[0;32m  OK  [0m] Mounted Kernel Configuration File System.
[[0;32m  OK  [0m] Started Remount Root and Kernel File Systems.
         Starting udev Kernel Device Manager...
         Starting Load/Save Random Seed...
         Starting Flush Journal to Persistent Storage...
         Starting Initial cloud-init job (pre-networking)...
[[0;32m  OK  [0m] Started LVM2 metadata daemon.
[[0;32m  OK  [0m] Started udev Kernel Device Manager.
[[0;32m  OK  [0m] Started Set the console keyboard layout.
[[0;32m  OK  [0m] Started Dispatch Password Requests to Console Directory Watch.
[[0;32m  OK  [0m] Reached target Local Encrypted Volumes.
[[0;32m  OK  [0m] Started Load/Save Random Seed.
[[0;32m  OK  [0m] Started Monitoring of LVM2 mirrors,â€¦sing dmeventd or progress polling.
[[0;32m  OK  [0m] Reached target Local File Systems (Pre).
[[0;32m  OK  [0m] Reached target Local File Systems.
         Starting Commit a transient machine-id on disk...
         Starting ebtables ruleset management...
         Starting AppArmor initialization...
         Starting Set console font and keymap...
         Starting Tell Plymouth To Write Out Runtime Data...
[[0;32m  OK  [0m] Started Flush Journal to Persistent Storage.
         Starting Create Volatile Files and Directories...
[[0;32m  OK  [0m] Started Tell Plymouth To Write Out Runtime Data.
[[0;32m  OK  [0m] Started Set console font and keymap.
[[0;32m  OK  [0m] Started Create Volatile Files and Directories.
         Starting Update UTMP about System Boot/Shutdown...
[[0;32m  OK  [0m] Started Update UTMP about System Boot/Shutdown.
[[0;32m  OK  [0m] Started Commit a transient machine-id on disk.
[[0;32m  OK  [0m] Found device /dev/ttyS0.
[[0;32m  OK  [0m] Started ebtables ruleset management.
[[0;32m  OK  [0m] Listening on Load/Save RF Kill Switch Status /dev/rfkill Watch.
[[0;32m  OK  [0m] Started AppArmor initialization.
[   10.249192] cloud-init[413]: Cloud-init v. 18.4-0ubuntu1~18.04.1 running 'init-local' at Mon, 11 Feb 2019 14:26:45 +0000. Up 9.71 seconds.
[[0;32m  OK  [0m] Started Initial cloud-init job (pre-networking).
[[0;32m  OK  [0m] Reached target Network (Pre).
         Starting Network Service...
[[0;32m  OK  [0m] Started Network Service.
         Starting Wait for Network to be Configured...
         Starting Network Name Resolution...
[[0;32m  OK  [0m] Started Network Name Resolution.
[[0;32m  OK  [0m] Reached target Network.
[[0;32m  OK  [0m] Reached target Host and Network Name Lookups.
[[0;32m  OK  [0m] Started Wait for Network to be Configured.
         Starting Initial cloud-init job (metadata service crawler)...
[   12.880600] cloud-init[635]: Cloud-init v. 18.4-0ubuntu1~18.04.1 running 'init' at Mon, 11 Feb 2019 14:26:48 +0000. Up 12.60 seconds.
[   12.883223] cloud-init[635]: ci-info: ++++++++++++++++++++++++++++++++++++++Net device info++++++++++++++++++++++++++++++++++++++
[   12.885674] cloud-init[635]: ci-info: +--------+------+----------------------------+---------------+--------+-------------------+
[   12.887424] cloud-init[635]: ci-info: | Device |  Up  |          Address           |      Mask     | Scope  |     Hw-Address    |
[   12.889868] cloud-init[635]: ci-info: +--------+------+----------------------------+---------------+--------+-------------------+
[   12.895789] cloud-init[635]: ci-info: | enp0s3 | True |         10.0.2.15          | 255.255.255.0 | global | 02:b9:1f:df:d8:de |
[   12.898717] cloud-init[635]: ci-info: | enp0s3 | True | fe80::b9:1fff:fedf:d8de/64 |       .       |  link  | 02:b9:1f:df:d8:de |
[   12.899994] cloud-init[635]: ci-info: |   lo   | True |         127.0.0.1          |   255.0.0.0   |  host  |         .         |
[   12.901430] cloud-init[635]: ci-info: |   lo   | True |          ::1/128           |       .       |  host  |         .         |
[   12.902781] cloud-init[635]: ci-info: +--------+------+----------------------------+---------------+--------+-------------------+
[   12.903940] cloud-init[635]: ci-info: ++++++++++++++++++++++++++++Route IPv4 info+++++++++++++++++++++++++++++
[   12.905259] cloud-init[635]: ci-info: +-------+-------------+----------+-----------------+-----------+-------+
[   12.906582] cloud-init[635]: ci-info: | Route | Destination | Gateway  |     Genmask     | Interface | Flags |
[   12.907758] cloud-init[635]: ci-info: +-------+-------------+----------+-----------------+-----------+-------+
[   12.909389] cloud-init[635]: ci-info: |   0   |   0.0.0.0   | 10.0.2.2 |     0.0.0.0     |   enp0s3  |   UG  |
[   12.920858] cloud-init[635]: ci-info: |   1   |   10.0.2.0  | 0.0.0.0  |  255.255.255.0  |   enp0s3  |   U   |
[   12.932895] cloud-init[635]: ci-info: |   2   |   10.0.2.2  | 0.0.0.0  | 255.255.255.255 |   enp0s3  |   UH  |
[   12.934983] cloud-init[635]: ci-info: +-------+-------------+----------+-----------------+-----------+-------+
[   12.937580] cloud-init[635]: ci-info: +++++++++++++++++++Route IPv6 info+++++++++++++++++++
[   12.939157] cloud-init[635]: ci-info: +-------+-------------+---------+-----------+-------+
[   12.940808] cloud-init[635]: ci-info: | Route | Destination | Gateway | Interface | Flags |
[   12.943321] cloud-init[635]: ci-info: +-------+-------------+---------+-----------+-------+
[   12.944670] cloud-init[635]: ci-info: |   1   |  fe80::/64  |    ::   |   enp0s3  |   U   |
[   12.946088] cloud-init[635]: ci-info: |   3   |    local    |    ::   |   enp0s3  |   U   |
[   12.947849] cloud-init[635]: ci-info: |   4   |   ff00::/8  |    ::   |   enp0s3  |   U   |
[   12.949099] cloud-init[635]: ci-info: +-------+-------------+---------+-----------+-------+
[   14.229517] cloud-init[635]: Generating public/private rsa key pair.
[   14.230963] cloud-init[635]: Your identification has been saved in /etc/ssh/ssh_host_rsa_key.
[   14.232804] cloud-init[635]: Your public key has been saved in /etc/ssh/ssh_host_rsa_key.pub.
[   14.234547] cloud-init[635]: The key fingerprint is:
[   14.236681] cloud-init[635]: SHA256:4CJbe0yeZePlJmdckZ1bOw0S4/5p+ywBauT5GPKStWk root@ubuntu-bionic
[   14.237674] cloud-init[635]: The key's randomart image is:
[   14.238280] cloud-init[635]: +---[RSA 2048]----+
[   14.238891] cloud-init[635]: |            o    |
[   14.248949] cloud-init[635]: |           . = . |
[   14.249551] cloud-init[635]: |      .     = + .|
[   14.260636] cloud-init[635]: |     . .  ...o +o|
[   14.261447] cloud-init[635]: |  . o o So.oo..o.|
[   14.262008] cloud-init[635]: |   + * =.=B. ....|
[   14.262595] cloud-init[635]: |  . . = o***  +. |
[   14.263187] cloud-init[635]: |     .  o=E ...o |
[   14.263752] cloud-init[635]: |         o    .oo|
[   14.264367] cloud-init[635]: +----[SHA256]-----+
[   14.276843] cloud-init[635]: Generating public/private dsa key pair.
[   14.277878] cloud-init[635]: Your identification has been saved in /etc/ssh/ssh_host_dsa_key.
[   14.278792] cloud-init[635]: Your public key has been saved in /etc/ssh/ssh_host_dsa_key.pub.
[   14.288719] cloud-init[635]: The key fingerprint is:
[   14.289424] cloud-init[635]: SHA256:KVBhts9w5W+6vVULtwy0ToS6Qa1BGAdmXkg+CqhM0Pg root@ubuntu-bionic
[   14.290189] cloud-init[635]: The key's randomart image is:
[   14.290827] cloud-init[635]: +---[DSA 1024]----+
[   14.291278] cloud-init[635]: |.o    *B=+.      |
[   14.291827] cloud-init[635]: |o o  +=++o. .    |
[   14.304729] cloud-init[635]: | + .. o+.o.o o   |
[   14.305342] cloud-init[635]: |+ E ...=o.+.o .  |
[   14.316689] cloud-init[635]: |..   .. S+  o= ..|
[   14.328661] cloud-init[635]: |       .  ooo =.o|
[   14.329193] cloud-init[635]: |         ..  ..+ |
[   14.340784] cloud-init[635]: |           o .   |
[   14.341586] cloud-init[635]: |          . o.   |
[   14.342667] cloud-init[635]: +----[SHA256]-----+
[   14.343721] cloud-init[635]: Generating public/private ecdsa key pair.
[   14.344594] cloud-init[635]: Your identification has been saved in /etc/ssh/ssh_host_ecdsa_key.
[   14.346070] cloud-init[635]: Your public key has been saved in /etc/ssh/ssh_host_ecdsa_key.pub.
[   14.347182] cloud-init[635]: The key fingerprint is:
[   14.347915] cloud-init[635]: SHA256:nqTEk+Q4Zg6Fyl8B04E2xn9HUW7rbkIZ/MqOZCiFyTw root@ubuntu-bionic
[   14.349144] cloud-init[635]: The key's randomart image is:
[   14.349882] cloud-init[635]: +---[ECDSA 256]---+
[   14.350546] cloud-init[635]: |  .oo..  .o.     |
[   14.351150] cloud-init[635]: |   Bo.   ..      |
[   14.360699] cloud-init[635]: |  + +.. o  o     |
[   14.361457] cloud-init[635]: |..o.o*.o +. .    |
[   14.361900] cloud-init[635]: |...E=oB S +.     |
[   14.362373] cloud-init[635]: |  .=+o.= +..     |
[   14.362792] cloud-init[635]: |   o...o= ..     |
[   14.363223] cloud-init[635]: |    . o .+..     |
[   14.363685] cloud-init[635]: |       ...o.     |
[   14.364147] cloud-init[635]: +----[SHA256]-----+
[   14.364590] cloud-init[635]: Generating public/private ed25519 key pair.
[   14.365189] cloud-init[635]: Your identification has been saved in /etc/ssh/ssh_host_ed25519_key.
[   14.366125] cloud-init[635]: Your public key has been saved in /etc/ssh/ssh_host_ed25519_key.pub.
[   14.366848] cloud-init[635]: The key fingerprint is:
[   14.376612] cloud-init[635]: SHA256:vM0tjd8kID8mDP7XQY8mqrNPwExX0+JepsVGaSa+U48 root@ubuntu-bionic
[   14.377762] cloud-init[635]: The key's randomart image is:
[   14.378371] cloud-init[635]: +--[ED25519 256]--+
[   14.388671] cloud-init[635]: |          o. .   |
[   14.400755] cloud-init[635]: |         .o.*    |
[   14.401360] cloud-init[635]: |      . .o B     |
[   14.401856] cloud-init[635]: |     + o  o O    |
[   14.412875] cloud-init[635]: |      = S..X =   |
[   14.424759] cloud-init[635]: |     . + **=E o  |
[   14.425602] cloud-init[635]: |      . =.O=+..  |
[   14.426385] cloud-init[635]: |      .o.o.+.+   |
[   14.436717] cloud-init[635]: |      o=o.  . .  |
[   14.437670] cloud-init[635]: +----[SHA256]-----+
[[0;32m  OK  [0m] Started Initial cloud-init job (metadata service crawler).
[[0;32m  OK  [0m] Reached target Network is Online.
[[0;32m  OK  [0m] Reached target Remote File Systems (Pre).
[[0;32m  OK  [0m] Reached target Remote File Systems.
         Starting Availability of block devices...
[[0;32m  OK  [0m] Reached target Cloud-config availability.
[[0;32m  OK  [0m] Reached target System Initialization.
[[0;32m  OK  [0m] Listening on UUID daemon activation socket.
[[0;32m  OK  [0m] Listening on D-Bus System Message Bus Socket.
[[0;32m  OK  [0m] Started Discard unused blocks once a week.
[[0;32m  OK  [0m] Started Message of the Day.
         Starting Socket activation for snappy daemon.
[[0;32m  OK  [0m] Listening on ACPID Listen Socket.
[[0;32m  OK  [0m] Started Daily apt download activities.
[[0;32m  OK  [0m] Started Daily apt upgrade and clean activities.
         Starting LXD - unix socket.
[[0;32m  OK  [0m] Started Daily Cleanup of Temporary Directories.
[[0;32m  OK  [0m] Reached target Timers.
[[0;32m  OK  [0m] Started ACPI Events Check.
[[0;32m  OK  [0m] Reached target Paths.
[[0;32m  OK  [0m] Listening on Open-iSCSI iscsid Socket.
[[0;32m  OK  [0m] Started Availability of block devices.
[[0;32m  OK  [0m] Listening on Socket activation for snappy daemon.
[[0;32m  OK  [0m] Listening on LXD - unix socket.
[[0;32m  OK  [0m] Reached target Sockets.
[[0;32m  OK  [0m] Reached target Basic System.
         Starting LSB: automatic crash report generation...
         Starting Login Service...
[[0;32m  OK  [0m] Started D-Bus System Message Bus.
[[0;32m  OK  [0m] Started Login Service.
         Starting System Logging Service...
         Starting Permit User Sessions...
[[0;32m  OK  [0m] Started irqbalance daemon.
         Starting Pollinate to seed the pseudo random number generator...
         Starting Accounts Service...
         Starting Dispatcher daemon for systemd-networkd...
[[0;32m  OK  [0m] Started Unattended Upgrades Shutdown.
         Starting LSB: Record successful boot for GRUB...
         Starting LXD - container startup/shutdown...
         Starting Virtualbox guest utils...
[[0;32m  OK  [0m] Started Regular background program processing daemon.
[[0;32m  OK  [0m] Started FUSE filesystem for LXC.
[[0;32m  OK  [0m] Started Deferred execution scheduler.
         Starting Snappy daemon...
[[0;32m  OK  [0m] Started System Logging Service.
[[0;32m  OK  [0m] Started Permit User Sessions.
[[0;32m  OK  [0m] Started LXD - container startup/shutdown.
         Starting Authorization Manager...
         Starting Hold until boot process finishes up...
         Starting Terminate Plymouth Boot Screen...
[[0;32m  OK  [0m] Started Hold until boot process finishes up.
         Starting Set console scheme...
[[0;32m  OK  [0m] Started Serial Getty on ttyS0.
[[0;32m  OK  [0m] Started Terminate Plymouth Boot Screen.
[[0;32m  OK  [0m] Started LSB: automatic crash report generation.
[[0;32m  OK  [0m] Started Set console scheme.
[[0;32m  OK  [0m] Created slice system-getty.slice.
[[0;32m  OK  [0m] Started Getty on tty1.
[[0;32m  OK  [0m] Reached target Login Prompts.
[[0;32m  OK  [0m] Started LSB: Record successful boot for GRUB.
[[0;32m  OK  [0m] Started Authorization Manager.
[[0;32m  OK  [0m] Started Accounts Service.
[[0;32m  OK  [0m] Started Virtualbox guest utils.
[[0;32m  OK  [0m] Started Dispatcher daemon for systemd-networkd.
[[0;32m  OK  [0m] Started Snappy daemon.
         Starting Wait until snapd is fully seeded...
[[0;32m  OK  [0m] Started Pollinate to seed the pseudo random number generator.
         Starting OpenBSD Secure Shell server...
[[0;32m  OK  [0m] Started OpenBSD Secure Shell server.
[[0;32m  OK  [0m] Created slice User Slice of vagrant.
         Starting User Manager for UID 1000...
[[0;32m  OK  [0m] Started Session 1 of user vagrant.
[[0;32m  OK  [0m] Started User Manager for UID 1000.
[[0;32m  OK  [0m] Started Wait until snapd is fully seeded.
         Starting Apply the settings specified in cloud-config...
[[0;32m  OK  [0m] Reached target Multi-User System.
[[0;32m  OK  [0m] Reached target Graphical Interface.
         Starting Update UTMP about System Runlevel Changes...
[[0;32m  OK  [0m] Started Update UTMP about System Runlevel Changes.
[   19.118351] cloud-init[1072]: Cloud-init v. 18.4-0ubuntu1~18.04.1 running 'modules:config' at Mon, 11 Feb 2019 14:26:53 +0000. Up 18.16 seconds.
[[0;32m  OK  [0m] Started Apply the settings specified in cloud-config.
         Starting Execute cloud user/final scripts...
ci-info: no authorized ssh keys fingerprints found for user ubuntu.
<14>Feb 11 14:26:56 ec2: 
<14>Feb 11 14:26:56 ec2: #############################################################
<14>Feb 11 14:26:56 ec2: -----BEGIN SSH HOST KEY FINGERPRINTS-----
<14>Feb 11 14:26:56 ec2: 1024 SHA256:KVBhts9w5W+6vVULtwy0ToS6Qa1BGAdmXkg+CqhM0Pg root@ubuntu-bionic (DSA)
<14>Feb 11 14:26:56 ec2: 256 SHA256:nqTEk+Q4Zg6Fyl8B04E2xn9HUW7rbkIZ/MqOZCiFyTw root@ubuntu-bionic (ECDSA)
<14>Feb 11 14:26:56 ec2: 256 SHA256:vM0tjd8kID8mDP7XQY8mqrNPwExX0+JepsVGaSa+U48 root@ubuntu-bionic (ED25519)
<14>Feb 11 14:26:56 ec2: 2048 SHA256:4CJbe0yeZePlJmdckZ1bOw0S4/5p+ywBauT5GPKStWk root@ubuntu-bionic (RSA)
<14>Feb 11 14:26:56 ec2: -----END SSH HOST KEY FINGERPRINTS-----
<14>Feb 11 14:26:56 ec2: #############################################################
-----BEGIN SSH HOST KEY KEYS-----
ecdsa-sha2-nistp256 AAAAE2VjZHNhLXNoYTItbmlzdHAyNTYAAAAIbmlzdHAyNTYAAABBBA5iWptMmcyCfpC8KHXZisxueLoewJKUVi3BW3ip7LpT0UvK9OL79gns6WdBsf4IgTPzaP1lpyVaPciSlie9LjU= root@ubuntu-bionic
ssh-ed25519 AAAAC3NzaC1lZDI1NTE5AAAAICHidC6LApPWpYpWt2Nlqj7L2qlMFAkAyCc48drthFA5 root@ubuntu-bionic
ssh-rsa AAAAB3NzaC1yc2EAAAADAQABAAABAQDbDXgF0iuNuazMW0B1Fger8nkdKVO347wYkNPhVBBSUaNaliuv0cCrOl9C81lDWXv+eFSJP2xqeJxc+34nw586YQoXOIPhCeNpQRd0gR5bRzHkGXiyzbrfCluKGA7NCl/CDAzi6IaVrirpLd4LCc+mzddi4b70nPRbB9JShJgg/WNYZySSEAUHvNZfFqZrdOkdfxsS2S8vC3qg2HVeR6JPbehlmLmTZVZ7wY8tHwkXTmyeAbVpCkkjTsMCMiTW3UBSal1zg9bC8uckJzcWwI1y2Q9EoDMRsOAWtU853I9G5RIOAHxn+zqe3/w71xSzw7UZqtD/M8FUHZ8N2FjY1TdB root@ubuntu-bionic
-----END SSH HOST KEY KEYS-----
[   20.361040] cloud-init[1189]: Cloud-init v. 18.4-0ubuntu1~18.04.1 running 'modules:final' at Mon, 11 Feb 2019 14:26:55 +0000. Up 20.11 seconds.
[   20.361910] cloud-init[1189]: ci-info: no authorized ssh keys fingerprints found for user ubuntu.
[   20.362516] cloud-init[1189]: Cloud-init v. 18.4-0ubuntu1~18.04.1 finished at Mon, 11 Feb 2019 14:26:56 +0000. Datasource DataSourceNoCloud [seed=/dev/sdb][dsmode=net].  Up 20.34 seconds

Ubuntu 18.04.2 LTS ubuntu-bionic ttyS0

ubuntu-bionic login: 